Microchip MPLAB XC8 Compiler V2.45

Linker command line:

-W-3 \
  --edf=C:\Program Files\Microchip\xc8\v2.45\pic\dat\20230818022343_en.msgs \
  -cn -h+dist/default/production\MPLABXProjects.production.sym \
  --cmf=dist/default/production\MPLABXProjects.production.cmf -z -Q18F4620 \
  -oC:\Users\MARWAA~1\AppData\Local\Temp\xcAsljg.\driver_tmp_3.o \
  --defsym=__MPLAB_BUILD=1 --fixupoverflow=error \
  -Mdist/default/production/MPLABXProjects.production.map \
  --md=C:\Users\MARWAA~1\AppData\Local\Temp\xcAsljg.\driver_tmp_0.dat -E1 \
  -ver=XC8 Compiler --acfsm=1493 -ACODE=00h-0FFFFh -ACONST=00h-0FFFFh \
  -ASMALLCONST=01000h-010FFhx240 -AMEDIUMCONST=01000h-0FFFFh \
  -ACOMRAM=01h-07Fh -AABS1=00h-0F7Fh -ABIGRAM=01h-0F7Fh \
  -ARAM=080h-0FFh,0100h-01FFhx14,0F00h-0F7Fh -ABANK0=080h-0FFh \
  -ABANK1=0100h-01FFh -ABANK2=0200h-02FFh -ABANK3=0300h-03FFh \
  -ABANK4=0400h-04FFh -ABANK5=0500h-05FFh -ABANK6=0600h-06FFh \
  -ABANK7=0700h-07FFh -ABANK8=0800h-08FFh -ABANK9=0900h-09FFh \
  -ABANK10=0A00h-0AFFh -ABANK11=0B00h-0BFFh -ABANK12=0C00h-0CFFh \
  -ABANK13=0D00h-0DFFh -ABANK14=0E00h-0EFFh -ABANK15=0F00h-0F7Fh \
  -ASFR=0F80h-0FFFh -ABIGSFR=0F80h-0FFFh -ACONFIG=0300000h-030000Dh \
  -AIDLOC=0200000h-0200007h -AEEDATA=0F00000h-0F003FFh -peeprom_data=EEDATA \
  -preset_vec=00h,intcode=08h,intcodelo,powerup,init -pramtop=01000h \
  -psmallconst=SMALLCONST -pmediumconst=MEDIUMCONST -pconst=CONST \
  -AFARRAM=00h-00h \
  -prdata=COMRAM,nvrram=COMRAM,nvbit=COMRAM,rbss=COMRAM,rbit=COMRAM \
  -pfarbss=FARRAM,fardata=FARRAM,nvFARRAM=FARRAM \
  -pintsave_regs=BIGRAM,bigbss=BIGRAM,bigdata=BIGRAM -pbss=RAM \
  -pidata=CODE,irdata=CODE,ibigdata=CODE,ifardata=CODE -prparam=COMRAM \
  C:\Users\MARWAA~1\AppData\Local\Temp\xcAsljg.\driver_tmp_9.o \
  dist/default/production\MPLABXProjects.production.o 

Object code version is 3.11

Machine type is 18F4620



                Name                               Link     Load   Length Selector   Space Scale
C:\Users\MARWAA~1\AppData\Local\Temp\xcAsljg.\driver_tmp_9.o
                idloc                            200000   200000        8        0       5
                config                           300000   300000        E        0       4
                init                                  E        E        4        4       0
                reset_vec                             0        0        4        0       0
dist/default/production\MPLABXProjects.production.o
                intcode                               8        8        6        4       0
                idloc                            200000   200000        8        0       5
                config                           300000   300000        E        0       4
                temp                                 60       60        1        1       1
                smallconst                         1000     1000       16      800       0
                text32                             1AD6     1AD6       46      80B       0
                text31                             1C1A     1C1A       2C      80B       0
                text30                             1BEC     1BEC       2E      80B       0
                text29                             1BBE     1BBE       2E      80B       0
                text28                             1B90     1B90       2E      80B       0
                text27                             1DA4     1DA4       1A      80B       0
                text26                             1D8A     1D8A       1A      80B       0
                text25                             1D70     1D70       1A      80B       0
                text24                             1D56     1D56       1A      80B       0
                intcode_body                       1016     1016      296      80B       0
                text22                             188E     188E       6E      80B       0
                text21                             1738     1738       7A      80B       0
                text20                             1820     1820       6E      80B       0
                text19                             13D2     13D2      11C      80B       0
                text18                             12AC     12AC      126      80B       0
                text17                             1C70     1C70       26      80B       0
                text16                             1D1A     1D1A       20      80B       0
                text15                             1CFA     1CFA       20      80B       0
                text14                             1CDA     1CDA       20      80B       0
                text13                             15FE     15FE       AE      80B       0
                text12                             1A82     1A82       54      80B       0
                text11                             14EE     14EE      110      80B       0
                text10                             19D0     19D0       5E      80B       0
                text9                              1966     1966       6A      80B       0
                text8                              1D3A     1D3A       1C      80B       0
                text7                              1B1C     1B1C       3E      80B       0
                text6                              16AC     16AC       8C      80B       0
                text5                              18FC     18FC       6A      80B       0
                text4                              1CB8     1CB8       22      80B       0
                text3                              1C96     1C96       22      80B       0
                text2                              17B2     17B2       6E      80B       0
                text1                              1DBE     1DBE       12      80B       0
                text0                              1A2E     1A2E       54      80B       0
                cstackCOMRAM                         4B       4B       14        1       1
                dataCOMRAM                            1        1       2A        1       1
                bssCOMRAM                            2B       2B       20        1       1
                cinit                              1B5A     1B5A       36      80B       0
                nvCOMRAM                             5F       5F        1        1       1
                idataCOMRAM                        1C46     1C46       2A      80B       0

TOTAL           Name                               Link     Load   Length     Space
        CLASS   CODE           
                intcode                               8        8        6         0
                init                                  E        E        4         0
                reset_vec                             0        0        4         0
                text32                             1AD6     1AD6       46         0
                text31                             1C1A     1C1A       2C         0
                text30                             1BEC     1BEC       2E         0
                text29                             1BBE     1BBE       2E         0
                text28                             1B90     1B90       2E         0
                text27                             1DA4     1DA4       1A         0
                text26                             1D8A     1D8A       1A         0
                text25                             1D70     1D70       1A         0
                text24                             1D56     1D56       1A         0
                intcode_body                       1016     1016      296         0
                text22                             188E     188E       6E         0
                text21                             1738     1738       7A         0
                text20                             1820     1820       6E         0
                text19                             13D2     13D2      11C         0
                text18                             12AC     12AC      126         0
                text17                             1C70     1C70       26         0
                text16                             1D1A     1D1A       20         0
                text15                             1CFA     1CFA       20         0
                text14                             1CDA     1CDA       20         0
                text13                             15FE     15FE       AE         0
                text12                             1A82     1A82       54         0
                text11                             14EE     14EE      110         0
                text10                             19D0     19D0       5E         0
                text9                              1966     1966       6A         0
                text8                              1D3A     1D3A       1C         0
                text7                              1B1C     1B1C       3E         0
                text6                              16AC     16AC       8C         0
                text5                              18FC     18FC       6A         0
                text4                              1CB8     1CB8       22         0
                text3                              1C96     1C96       22         0
                text2                              17B2     17B2       6E         0
                text1                              1DBE     1DBE       12         0
                text0                              1A2E     1A2E       54         0
                cinit                              1B5A     1B5A       36         0
                idataCOMRAM                        1C46     1C46       2A         0

        CLASS   CONST          

        CLASS   SMALLCONST     
                smallconst                         1000     1000       16         0

        CLASS   MEDIUMCONST    

        CLASS   COMRAM         
                temp                                 60       60        1         1
                cstackCOMRAM                         4B       4B       14         1
                dataCOMRAM                            1        1       2A         1
                bssCOMRAM                            2B       2B       20         1
                nvCOMRAM                             5F       5F        1         1

        CLASS   ABS1           

        CLASS   BIGRAM         

        CLASS   RAM            

        CLASS   BANK0          

        CLASS   BANK1          

        CLASS   BANK2          

        CLASS   BANK3          

        CLASS   BANK4          

        CLASS   BANK5          

        CLASS   BANK6          

        CLASS   BANK7          

        CLASS   BANK8          

        CLASS   BANK9          

        CLASS   BANK10         

        CLASS   BANK11         

        CLASS   BANK12         

        CLASS   BANK13         

        CLASS   BANK14         

        CLASS   BANK15         

        CLASS   SFR            

        CLASS   BIGSFR         

        CLASS   CONFIG         
                config                           300000   300000        E         4

        CLASS   IDLOC          
                idloc                            200000   200000        8         5

        CLASS   EEDATA         

        CLASS   FARRAM         

        CLASS   HEAP           

        CLASS   STACK          



SEGMENTS        Name                           Load    Length   Top    Selector   Space  Class

                reset_vec                      000000  000004  000004         0       0  CODE    
                dataCOMRAM                     000001  000060  000061         1       1  COMRAM  
                intcode                        000008  00000A  000012         4       0  CODE    
                smallconst                     001000  000016  001016       800       0  SMALLCON
                intcode_body                   001016  000DBA  001DD0       80B       0  CODE    


UNUSED ADDRESS RANGES

        Name                Unused          Largest block    Delta
        BANK0            000080-0000FF               80
        BANK1            000100-0001FF              100
        BANK10           000A00-000AFF              100
        BANK11           000B00-000BFF              100
        BANK12           000C00-000CFF              100
        BANK13           000D00-000DFF              100
        BANK14           000E00-000EFF              100
        BANK15           000F00-000F7F               80
        BANK2            000200-0002FF              100
        BANK3            000300-0003FF              100
        BANK4            000400-0004FF              100
        BANK5            000500-0005FF              100
        BANK6            000600-0006FF              100
        BANK7            000700-0007FF              100
        BANK8            000800-0008FF              100
        BANK9            000900-0009FF              100
        BIGRAM           000061-000F7F              F1F
        BIGSFR           000F80-000FFF               80
        CODE             000004-000007                4
                         000012-000FFF              FEE
                         001DD0-00FFFF             E230
        COMRAM           000061-00007F               1F
        CONST            000004-000007                4
                         000012-000FFF              FEE
                         001DD0-00FFFF             E230
        EEDATA           F00000-F003FF              400
        MEDIUMCONST      001DD0-00FFFF             E230
        RAM              000080-000F7F              100
        SFR              000F80-000FFF               80
        SMALLCONST       001DD0-00FFFF              100

                                  Symbol Table

INT0_set_interrupt_handler@interrupt_handler  cstackCOMRAM 000051
INT1_set_interrupt_handler@interrupt_handler  cstackCOMRAM 000051
INT2_set_interrupt_handler@interrupt_handler  cstackCOMRAM 000051
RB4_ISR@state                                 cstackCOMRAM 00004B
RB5_ISR@state                                 cstackCOMRAM 00004B
RB6_ISR@state                                 cstackCOMRAM 00004B
RB7_ISR@state                                 cstackCOMRAM 00004B
_EEADR                                        (abs)        000FA9
_EEADRH                                       (abs)        000FAA
_EECON1bits                                   (abs)        000FA6
_EECON2                                       (abs)        000FA7
_EEDATA                                       (abs)        000FA8
_General_Interrupt_Manager                    intcode      000008
_INT0_ISR                                     text30       001BEC
_INT0_InterruptHandler                        bssCOMRAM    00003F
_INT0_set_interrupt_handler                   text16       001D1A
_INT1_ISR                                     text29       001BBE
_INT1_InterruptHandler                        bssCOMRAM    00003D
_INT1_set_interrupt_handler                   text15       001CFA
_INT2_ISR                                     text28       001B90
_INT2_InterruptHandler                        bssCOMRAM    00003B
_INT2_set_interrupt_handler                   text14       001CDA
_INTCON2bits                                  (abs)        000FF1
_INTCON3bits                                  (abs)        000FF0
_INTCONbits                                   (abs)        000FF2
_ISR_INT0_App                                 text31       001C1A
_LATA                                         (abs)        000F89
_LATB                                         (abs)        000F8A
_LATC                                         (abs)        000F8B
_LATD                                         (abs)        000F8C
_LATE                                         (abs)        000F8D
_PORTA                                        (abs)        000F80
_PORTB                                        (abs)        000F81
_PORTBbits                                    (abs)        000F81
_PORTC                                        (abs)        000F82
_PORTD                                        (abs)        000F83
_PORTE                                        (abs)        000F84
_RB4_Flag                                     dataCOMRAM   000022
_RB4_High_InterruptHandler                    bssCOMRAM    000039
_RB4_ISR                                      text27       001DA4
_RB4_Low_InterruptHandler                     bssCOMRAM    000037
_RB5_Flag                                     dataCOMRAM   000021
_RB5_High_InterruptHandler                    bssCOMRAM    000035
_RB5_ISR                                      text26       001D8A
_RB5_Low_InterruptHandler                     bssCOMRAM    000033
_RB6_Flag                                     dataCOMRAM   000020
_RB6_High_InterruptHandler                    bssCOMRAM    000031
_RB6_ISR                                      text25       001D70
_RB6_Low_InterruptHandler                     bssCOMRAM    00002F
_RB7_Flag                                     dataCOMRAM   00001F
_RB7_High_InterruptHandler                    bssCOMRAM    00002D
_RB7_ISR                                      text24       001D56
_RB7_Low_InterruptHandler                     bssCOMRAM    00002B
_TRISA                                        (abs)        000F92
_TRISB                                        (abs)        000F93
_TRISC                                        (abs)        000F94
_TRISD                                        (abs)        000F95
_TRISE                                        (abs)        000F96
__HRAM                                        (abs)        000000
__H__absolute__                               __absolute__ 000000
__Habs1                                       abs1         000000
__Hbank0                                      bank0        000000
__Hbank1                                      bank1        000000
__Hbank10                                     bank10       000000
__Hbank11                                     bank11       000000
__Hbank12                                     bank12       000000
__Hbank13                                     bank13       000000
__Hbank14                                     bank14       000000
__Hbank15                                     bank15       000000
__Hbank2                                      bank2        000000
__Hbank3                                      bank3        000000
__Hbank4                                      bank4        000000
__Hbank5                                      bank5        000000
__Hbank6                                      bank6        000000
__Hbank7                                      bank7        000000
__Hbank8                                      bank8        000000
__Hbank9                                      bank9        000000
__Hbigbss                                     bigbss       000000
__Hbigdata                                    bigdata      000000
__Hbigram                                     bigram       000000
__Hbigsfr                                     bigsfr       000000
__Hbss                                        bss          000000
__HbssCOMRAM                                  bssCOMRAM    000000
__Hcinit                                      cinit        000000
__Hclrtext                                    clrtext      000000
__Hcomram                                     comram       000000
__Hconfig                                     config       30000E
__Hconst                                      const        000000
__HcstackCOMRAM                               cstackCOMRAM 000000
__Hdata                                       data         000000
__HdataCOMRAM                                 dataCOMRAM   000000
__Heeprom_data                                eeprom_data  000000
__Hfarbss                                     farbss       000000
__Hfardata                                    fardata      000000
__Hheap                                       heap         000000
__Hibigdata                                   ibigdata     000000
__Hidata                                      idata        000000
__HidataCOMRAM                                idataCOMRAM  000000
__Hidloc                                      idloc        200008
__Hifardata                                   ifardata     000000
__Hinit                                       init         000012
__Hintcode                                    intcode      00000E
__Hintcode_body                               intcode_body 000000
__Hintcodelo                                  intcodelo    00000E
__Hintentry                                   intentry     000000
__Hintret                                     intret       000000
__Hintsave_regs                               intsave_regs 000000
__Hirdata                                     irdata       000000
__Hmediumconst                                mediumconst  000000
__HnvCOMRAM                                   nvCOMRAM     000000
__HnvFARRAM                                   nvFARRAM     000000
__Hnvbit                                      nvbit        000000
__Hnvrram                                     nvrram       000000
__Hparam                                      rparam       000000
__Hpowerup                                    powerup      00000E
__Hram                                        ram          000000
__Hramtop                                     ramtop       001000
__Hrbit                                       rbit         000000
__Hrbss                                       rbss         000000
__Hrdata                                      rdata        000000
__Hreset_vec                                  reset_vec    000004
__Hrparam                                     rparam       000000
__Hsfr                                        sfr          000000
__Hsmallconst                                 smallconst   001016
__Hspace_0                                    (abs)        001DD0
__Hspace_1                                    (abs)        000061
__Hspace_2                                    (abs)        000000
__Hspace_4                                    (abs)        60000E
__Hstack                                      stack        000000
__Hstruct                                     struct       000000
__Htemp                                       temp         000061
__Htext                                       text         000000
__Htext0                                      text0        000000
__Htext1                                      text1        000000
__Htext10                                     text10       000000
__Htext11                                     text11       000000
__Htext12                                     text12       000000
__Htext13                                     text13       000000
__Htext14                                     text14       000000
__Htext15                                     text15       000000
__Htext16                                     text16       000000
__Htext17                                     text17       000000
__Htext18                                     text18       000000
__Htext19                                     text19       000000
__Htext2                                      text2        000000
__Htext20                                     text20       000000
__Htext21                                     text21       000000
__Htext22                                     text22       000000
__Htext24                                     text24       000000
__Htext25                                     text25       000000
__Htext26                                     text26       000000
__Htext27                                     text27       000000
__Htext28                                     text28       000000
__Htext29                                     text29       000000
__Htext3                                      text3        000000
__Htext30                                     text30       000000
__Htext31                                     text31       000000
__Htext32                                     text32       000000
__Htext33                                     text33       000000
__Htext4                                      text4        000000
__Htext5                                      text5        000000
__Htext6                                      text6        000000
__Htext7                                      text7        000000
__Htext8                                      text8        000000
__Htext9                                      text9        000000
__LRAM                                        (abs)        000001
__L__absolute__                               __absolute__ 000000
__Labs1                                       abs1         000000
__Lbank0                                      bank0        000000
__Lbank1                                      bank1        000000
__Lbank10                                     bank10       000000
__Lbank11                                     bank11       000000
__Lbank12                                     bank12       000000
__Lbank13                                     bank13       000000
__Lbank14                                     bank14       000000
__Lbank15                                     bank15       000000
__Lbank2                                      bank2        000000
__Lbank3                                      bank3        000000
__Lbank4                                      bank4        000000
__Lbank5                                      bank5        000000
__Lbank6                                      bank6        000000
__Lbank7                                      bank7        000000
__Lbank8                                      bank8        000000
__Lbank9                                      bank9        000000
__Lbigbss                                     bigbss       000000
__Lbigdata                                    bigdata      000000
__Lbigram                                     bigram       000000
__Lbigsfr                                     bigsfr       000000
__Lbss                                        bss          000000
__LbssCOMRAM                                  bssCOMRAM    000000
__Lcinit                                      cinit        000000
__Lclrtext                                    clrtext      000000
__Lcomram                                     comram       000000
__Lconfig                                     config       000000
__Lconst                                      const        000000
__LcstackCOMRAM                               cstackCOMRAM 000000
__Ldata                                       data         000000
__LdataCOMRAM                                 dataCOMRAM   000000
__Leeprom_data                                eeprom_data  000000
__Lfarbss                                     farbss       000000
__Lfardata                                    fardata      000000
__Lheap                                       heap         000000
__Libigdata                                   ibigdata     000000
__Lidata                                      idata        000000
__LidataCOMRAM                                idataCOMRAM  000000
__Lidloc                                      idloc        000000
__Lifardata                                   ifardata     000000
__Linit                                       init         00000E
__Lintcode                                    intcode      000008
__Lintcode_body                               intcode_body 000000
__Lintcodelo                                  intcodelo    00000E
__Lintentry                                   intentry     000000
__Lintret                                     intret       000000
__Lintsave_regs                               intsave_regs 000000
__Lirdata                                     irdata       000000
__Lmediumconst                                mediumconst  000000
__LnvCOMRAM                                   nvCOMRAM     000000
__LnvFARRAM                                   nvFARRAM     000000
__Lnvbit                                      nvbit        000000
__Lnvrram                                     nvrram       000000
__Lparam                                      rparam       000000
__Lpowerup                                    powerup      00000E
__Lram                                        ram          000000
__Lramtop                                     ramtop       001000
__Lrbit                                       rbit         000000
__Lrbss                                       rbss         000000
__Lrdata                                      rdata        000000
__Lreset_vec                                  reset_vec    000000
__Lrparam                                     rparam       000000
__Lsfr                                        sfr          000000
__Lsmallconst                                 smallconst   001000
__Lspace_0                                    (abs)        000000
__Lspace_1                                    (abs)        000000
__Lspace_2                                    (abs)        000000
__Lspace_4                                    (abs)        000000
__Lstack                                      stack        000000
__Lstruct                                     struct       000000
__Ltemp                                       temp         000060
__Ltext                                       text         000000
__Ltext0                                      text0        000000
__Ltext1                                      text1        000000
__Ltext10                                     text10       000000
__Ltext11                                     text11       000000
__Ltext12                                     text12       000000
__Ltext13                                     text13       000000
__Ltext14                                     text14       000000
__Ltext15                                     text15       000000
__Ltext16                                     text16       000000
__Ltext17                                     text17       000000
__Ltext18                                     text18       000000
__Ltext19                                     text19       000000
__Ltext2                                      text2        000000
__Ltext20                                     text20       000000
__Ltext21                                     text21       000000
__Ltext22                                     text22       000000
__Ltext24                                     text24       000000
__Ltext25                                     text25       000000
__Ltext26                                     text26       000000
__Ltext27                                     text27       000000
__Ltext28                                     text28       000000
__Ltext29                                     text29       000000
__Ltext3                                      text3        000000
__Ltext30                                     text30       000000
__Ltext31                                     text31       000000
__Ltext32                                     text32       000000
__Ltext33                                     text33       000000
__Ltext4                                      text4        000000
__Ltext5                                      text5        000000
__Ltext6                                      text6        000000
__Ltext7                                      text7        000000
__Ltext8                                      text8        000000
__Ltext9                                      text9        000000
__S0                                          (abs)        001DD0
__S1                                          (abs)        000061
__S4                                          (abs)        000000
__S5                                          (abs)        000000
___heap_hi                                    (abs)        000000
___heap_lo                                    (abs)        000000
___inthi_sp                                   stack        000000
___inthi_stack_hi                             stack        000000
___inthi_stack_lo                             stack        000000
___intlo_sp                                   stack        000000
___intlo_stack_hi                             stack        000000
___intlo_stack_lo                             stack        000000
___param_bank                                 (abs)        000000
___rparam_used                                (abs)        000001
___sp                                         stack        000000
___stack_hi                                   stack        000000
___stack_lo                                   stack        000000
__accesstop                                   (abs)        000080
__activetblptr                                (abs)        000003
__end_of_General_Interrupt_Manager            intcode_body 0012AC
__end_of_INT0_ISR                             text30       001C1A
__end_of_INT0_set_interrupt_handler           text16       001D3A
__end_of_INT1_ISR                             text29       001BEC
__end_of_INT1_set_interrupt_handler           text15       001D1A
__end_of_INT2_ISR                             text28       001BBE
__end_of_INT2_set_interrupt_handler           text14       001CFA
__end_of_ISR_INT0_App                         text31       001C46
__end_of_RB4_ISR                              text27       001DBE
__end_of_RB5_ISR                              text26       001DA4
__end_of_RB6_ISR                              text25       001D8A
__end_of_RB7_ISR                              text24       001D70
__end_of__initialization                      cinit        001B86
__end_of_app_init                             text8        001D56
__end_of_eeprom_read_data                     text7        001B5A
__end_of_eeprom_write_data                    text32       001B1C
__end_of_gpio_pin_direction_init              text18       0013D2
__end_of_gpio_pin_init                        text10       001A2E
__end_of_gpio_pin_toggle                      text6        001738
__end_of_gpio_pin_write                       text11       0015FE
__end_of_interrupt_INTx_Disable               text22       0018FC
__end_of_interrupt_INTx_Enable                text21       0017B2
__end_of_interrupt_INTx_Init                  text12       001AD6
__end_of_interrupt_INTx_clear_flag            text20       00188E
__end_of_interrupt_INTx_edge_set              text19       0014EE
__end_of_interrupt_INTx_pin_cfg               text17       001C96
__end_of_interrupt_INTx_set_interrupt_handler text13       0016AC
__end_of_keypad_buttons                       smallconst   001011
__end_of_led_init                             text9        0019D0
__end_of_led_off                              text2        001820
__end_of_led_toggle                           text5        001966
__end_of_main                                 text0        001A82
__end_of_program_1                            text4        001CDA
__end_of_program_2                            text3        001CB8
__end_of_program_3                            text1        001DD0
__initialization                              cinit        001B5A
__mediumconst                                 mediumconst  000000
__pbssCOMRAM                                  bssCOMRAM    00002B
__pcinit                                      cinit        001B5A
__pcstackCOMRAM                               cstackCOMRAM 00004B
__pdataCOMRAM                                 dataCOMRAM   000001
__pidataCOMRAM                                idataCOMRAM  001C46
__pintcode                                    intcode      000008
__pintcode_body                               intcode_body 001016
__pnvCOMRAM                                   nvCOMRAM     00005F
__psmallconst                                 smallconst   001000
__ptext0                                      text0        001A2E
__ptext1                                      text1        001DBE
__ptext10                                     text10       0019D0
__ptext11                                     text11       0014EE
__ptext12                                     text12       001A82
__ptext13                                     text13       0015FE
__ptext14                                     text14       001CDA
__ptext15                                     text15       001CFA
__ptext16                                     text16       001D1A
__ptext17                                     text17       001C70
__ptext18                                     text18       0012AC
__ptext19                                     text19       0013D2
__ptext2                                      text2        0017B2
__ptext20                                     text20       001820
__ptext21                                     text21       001738
__ptext22                                     text22       00188E
__ptext24                                     text24       001D56
__ptext25                                     text25       001D70
__ptext26                                     text26       001D8A
__ptext27                                     text27       001DA4
__ptext28                                     text28       001B90
__ptext29                                     text29       001BBE
__ptext3                                      text3        001C96
__ptext30                                     text30       001BEC
__ptext31                                     text31       001C1A
__ptext32                                     text32       001AD6
__ptext33                                     text33       000000
__ptext4                                      text4        001CB8
__ptext5                                      text5        0018FC
__ptext6                                      text6        0016AC
__ptext7                                      text7        001B1C
__ptext8                                      text8        001D3A
__ptext9                                      text9        001966
__ramtop                                      ramtop       001000
__smallconst                                  smallconst   001000
_app_init                                     text8        001D3A
_eeprom_data                                  bssCOMRAM    000041
_eeprom_read_data                             text7        001B1C
_eeprom_write_data                            text32       001AD6
_gpio_pin_direction_init                      text18       0012AC
_gpio_pin_init                                text10       0019D0
_gpio_pin_toggle                              text6        0016AC
_gpio_pin_write                               text11       0014EE
_int0_obj                                     dataCOMRAM   000023
_interrupt_INTx_Disable                       text22       00188E
_interrupt_INTx_Enable                        text21       001738
_interrupt_INTx_Init                          text12       001A82
_interrupt_INTx_clear_flag                    text20       001820
_interrupt_INTx_edge_set                      text19       0013D2
_interrupt_INTx_pin_cfg                       text17       001C70
_interrupt_INTx_set_interrupt_handler         text13       0015FE
_keypad_buttons                               smallconst   001001
_lat_reg                                      dataCOMRAM   00000B
_led_1                                        dataCOMRAM   00002A
_led_2                                        dataCOMRAM   000029
_led_init                                     text9        001966
_led_off                                      text2        0017B2
_led_toggle                                   text5        0018FC
_main                                         text0        001A2E
_port_reg                                     dataCOMRAM   000001
_prog_selected                                bssCOMRAM    00004A
_program_1                                    text4        001CB8
_program_2                                    text3        001C96
_program_3                                    text1        001DBE
_ret                                          nvCOMRAM     00005F
_tris_reg                                     dataCOMRAM   000015
btemp                                         temp         000060
eeprom_read_data@addr                         cstackCOMRAM 000051
eeprom_read_data@data                         cstackCOMRAM 000053
eeprom_read_data@ret                          cstackCOMRAM 000054
eeprom_write_data@addr                        cstackCOMRAM 00004B
eeprom_write_data@data                        cstackCOMRAM 00004D
eeprom_write_data@intr_status                 cstackCOMRAM 00004E
end_of_initialization                         cinit        001B86
gpio_pin_direction_init@pin_confg             cstackCOMRAM 000051
gpio_pin_direction_init@ret                   cstackCOMRAM 000057
gpio_pin_init@pin_confg                       cstackCOMRAM 000059
gpio_pin_init@ret                             cstackCOMRAM 00005B
gpio_pin_toggle@pin_confg                     cstackCOMRAM 000051
gpio_pin_toggle@ret                           cstackCOMRAM 000056
gpio_pin_write@pin_confg                      cstackCOMRAM 000051
gpio_pin_write@pin_state                      cstackCOMRAM 000052
gpio_pin_write@ret                            cstackCOMRAM 000058
int$flags                                     temp         000060
int_func                                      intcode_body 001016
interrupt_INTx_Disable@intr_obj               cstackCOMRAM 000051
interrupt_INTx_Disable@ret                    cstackCOMRAM 000054
interrupt_INTx_Enable@intr_obj                cstackCOMRAM 000051
interrupt_INTx_Enable@ret                     cstackCOMRAM 000054
interrupt_INTx_Init@intr_obj                  cstackCOMRAM 00005A
interrupt_INTx_Init@ret                       cstackCOMRAM 00005B
interrupt_INTx_clear_flag@intr_obj            cstackCOMRAM 000051
interrupt_INTx_clear_flag@ret                 cstackCOMRAM 000054
interrupt_INTx_edge_set@intr_obj              cstackCOMRAM 000051
interrupt_INTx_edge_set@ret                   cstackCOMRAM 000054
interrupt_INTx_pin_cfg@intr_obj               cstackCOMRAM 000058
interrupt_INTx_pin_cfg@ret                    cstackCOMRAM 000059
interrupt_INTx_set_interrupt_handler@intr_obj cstackCOMRAM 000053
interrupt_INTx_set_interrupt_handler@ret      cstackCOMRAM 000056
intlevel0                                     text         000000
intlevel1                                     text         000000
intlevel2                                     text         000000
intlevel3                                     text         000000
isa$std                                       (abs)        000001
isa$xinst                                     (abs)        000000
led_init@F3062                                bssCOMRAM    000049
led_init@led                                  cstackCOMRAM 00005C
led_init@pin_cfg                              cstackCOMRAM 00005E
led_off@F3072                                 bssCOMRAM    000047
led_off@led                                   cstackCOMRAM 000059
led_off@pin_cfg                               cstackCOMRAM 00005B
led_on@F3067                                  bssCOMRAM    000048
led_toggle@F3077                              bssCOMRAM    000046
led_toggle@led                                cstackCOMRAM 000057
led_toggle@pin_cfg                            cstackCOMRAM 000059
relay_init@F3057                              bssCOMRAM    000045
relay_off@F3067                               bssCOMRAM    000043
relay_on@F3062                                bssCOMRAM    000044
relay_toggle@F3072                            bssCOMRAM    000042
stackhi                                       (abs)        000000
stacklo                                       (abs)        000000
start                                         init         00000E
start_initialization                          cinit        001B5A
ttemp5                                        temp         000061
ttemp6                                        temp         000064
ttemp7                                        temp         000068
wtemp8                                        temp         000061


MODULE INFORMATION

Module		Function		Class		Link	Load	Size
MCAL_Layer/hal_eeprom.c
		_eeprom_write_data		CODE           	1AD6	0000	70
		_eeprom_read_data		CODE           	1B1C	0000	62

MCAL_Layer/hal_eeprom.c estimated size: 132

shared
		__initialization		CODE           	1B5A	0000	44
		_keypad_buttons		SMALLCONST     	1001	0000	16

shared estimated size: 60

MCAL_Layer/Interrupt/mcal_external_interrupt.c
		_INT1_set_interrupt_handler		CODE           	1CFA	0000	32
		_INT2_set_interrupt_handler		CODE           	1CDA	0000	32
		_RB4_ISR       		CODE           	1DA4	0000	26
		_RB5_ISR       		CODE           	1D8A	0000	26
		_interrupt_INTx_set_interrupt_handler		CODE           	15FE	0000	174
		_RB6_ISR       		CODE           	1D70	0000	26
		_RB7_ISR       		CODE           	1D56	0000	26
		_interrupt_INTx_Enable		CODE           	1738	0000	122
		_interrupt_INTx_clear_flag		CODE           	1820	0000	110
		_interrupt_INTx_pin_cfg		CODE           	1C70	0000	38
		_interrupt_INTx_edge_set		CODE           	13D2	0000	284
		_INT0_ISR      		CODE           	1BEC	0000	46
		_interrupt_INTx_Init		CODE           	1A82	0000	84
		_INT1_ISR      		CODE           	1BBE	0000	46
		_INT0_set_interrupt_handler		CODE           	1D1A	0000	32
		_interrupt_INTx_Disable		CODE           	188E	0000	110
		_INT2_ISR      		CODE           	1B90	0000	46

MCAL_Layer/Interrupt/mcal_external_interrupt.c estimated size: 1260

MCAL_Layer/Interrupt/mcal_interrupt_manager.c
		_General_Interrupt_Manager		CODE           	0008	0000	668

MCAL_Layer/Interrupt/mcal_interrupt_manager.c estimated size: 668

MCAL_Layer/GPIO/hal_gpio.c
		_gpio_pin_write		CODE           	14EE	0000	272
		_gpio_pin_toggle		CODE           	16AC	0000	140
		_gpio_pin_direction_init		CODE           	12AC	0000	294
		_gpio_pin_init 		CODE           	19D0	0000	94

MCAL_Layer/GPIO/hal_gpio.c estimated size: 800

ECU_Layer/LED/ecu_led.c
		_led_init      		CODE           	1966	0000	106
		_led_off       		CODE           	17B2	0000	110
		_led_toggle    		CODE           	18FC	0000	106

ECU_Layer/LED/ecu_led.c estimated size: 322

application.c
		_main          		CODE           	1A2E	0000	84
		_program_1     		CODE           	1CB8	0000	34
		_program_2     		CODE           	1C96	0000	34
		_program_3     		CODE           	1DBE	0000	18
		_ISR_INT0_App  		CODE           	1C1A	0000	44
		_app_init      		CODE           	1D3A	0000	28

application.c estimated size: 242

